Archive member included to satisfy reference by file (symbol)

c:/ac6/systemworkbench/plugins/fr.ac6.mcu.externaltools.arm-none.win32_1.17.0.201812190825/tools/compiler/bin/../lib/gcc/arm-none-eabi/7.3.1/thumb/v7e-m/fpv4-sp/hard\libgcc.a(_aeabi_uldivmod.o)
                              Drivers/STM32F4xx_HAL_Driver/Src/stm32f4xx_hal_rcc.o (__aeabi_uldivmod)
c:/ac6/systemworkbench/plugins/fr.ac6.mcu.externaltools.arm-none.win32_1.17.0.201812190825/tools/compiler/bin/../lib/gcc/arm-none-eabi/7.3.1/thumb/v7e-m/fpv4-sp/hard\libgcc.a(_udivmoddi4.o)
                              c:/ac6/systemworkbench/plugins/fr.ac6.mcu.externaltools.arm-none.win32_1.17.0.201812190825/tools/compiler/bin/../lib/gcc/arm-none-eabi/7.3.1/thumb/v7e-m/fpv4-sp/hard\libgcc.a(_aeabi_uldivmod.o) (__udivmoddi4)
c:/ac6/systemworkbench/plugins/fr.ac6.mcu.externaltools.arm-none.win32_1.17.0.201812190825/tools/compiler/bin/../lib/gcc/arm-none-eabi/7.3.1/thumb/v7e-m/fpv4-sp/hard\libgcc.a(_dvmd_tls.o)
                              c:/ac6/systemworkbench/plugins/fr.ac6.mcu.externaltools.arm-none.win32_1.17.0.201812190825/tools/compiler/bin/../lib/gcc/arm-none-eabi/7.3.1/thumb/v7e-m/fpv4-sp/hard\libgcc.a(_aeabi_uldivmod.o) (__aeabi_ldiv0)
c:/ac6/systemworkbench/plugins/fr.ac6.mcu.externaltools.arm-none.win32_1.17.0.201812190825/tools/compiler/bin/../lib/gcc/arm-none-eabi/7.3.1/../../../../arm-none-eabi/lib/thumb/v7e-m/fpv4-sp/hard\libc_nano.a(lib_a-errno.o)
                              Core/Src/syscalls.o (__errno)
c:/ac6/systemworkbench/plugins/fr.ac6.mcu.externaltools.arm-none.win32_1.17.0.201812190825/tools/compiler/bin/../lib/gcc/arm-none-eabi/7.3.1/../../../../arm-none-eabi/lib/thumb/v7e-m/fpv4-sp/hard\libc_nano.a(lib_a-exit.o)
                              c:/ac6/systemworkbench/plugins/fr.ac6.mcu.externaltools.arm-none.win32_1.17.0.201812190825/tools/compiler/bin/../lib/gcc/arm-none-eabi/7.3.1/../../../../arm-none-eabi/lib/thumb/v7e-m/fpv4-sp/hard/crt0.o (exit)
c:/ac6/systemworkbench/plugins/fr.ac6.mcu.externaltools.arm-none.win32_1.17.0.201812190825/tools/compiler/bin/../lib/gcc/arm-none-eabi/7.3.1/../../../../arm-none-eabi/lib/thumb/v7e-m/fpv4-sp/hard\libc_nano.a(lib_a-impure.o)
                              c:/ac6/systemworkbench/plugins/fr.ac6.mcu.externaltools.arm-none.win32_1.17.0.201812190825/tools/compiler/bin/../lib/gcc/arm-none-eabi/7.3.1/../../../../arm-none-eabi/lib/thumb/v7e-m/fpv4-sp/hard\libc_nano.a(lib_a-exit.o) (_global_impure_ptr)
c:/ac6/systemworkbench/plugins/fr.ac6.mcu.externaltools.arm-none.win32_1.17.0.201812190825/tools/compiler/bin/../lib/gcc/arm-none-eabi/7.3.1/../../../../arm-none-eabi/lib/thumb/v7e-m/fpv4-sp/hard\libc_nano.a(lib_a-init.o)
                              c:/ac6/systemworkbench/plugins/fr.ac6.mcu.externaltools.arm-none.win32_1.17.0.201812190825/tools/compiler/bin/../lib/gcc/arm-none-eabi/7.3.1/../../../../arm-none-eabi/lib/thumb/v7e-m/fpv4-sp/hard/crt0.o (__libc_init_array)
c:/ac6/systemworkbench/plugins/fr.ac6.mcu.externaltools.arm-none.win32_1.17.0.201812190825/tools/compiler/bin/../lib/gcc/arm-none-eabi/7.3.1/../../../../arm-none-eabi/lib/thumb/v7e-m/fpv4-sp/hard\libc_nano.a(lib_a-memset.o)
                              c:/ac6/systemworkbench/plugins/fr.ac6.mcu.externaltools.arm-none.win32_1.17.0.201812190825/tools/compiler/bin/../lib/gcc/arm-none-eabi/7.3.1/../../../../arm-none-eabi/lib/thumb/v7e-m/fpv4-sp/hard/crt0.o (memset)

Allocating common symbols
Common symbol       size              file

USERPath            0x4               FATFS/App/fatfs.o
hspi2               0x58              Core/Src/main.o
spiTimerTickStart   0x4               FATFS/Target/user_diskio_spi.o
uwTick              0x4               Drivers/STM32F4xx_HAL_Driver/Src/stm32f4xx_hal.o
pFlash              0x20              Drivers/STM32F4xx_HAL_Driver/Src/stm32f4xx_hal_flash.o
head                0x2c              Core/Src/main.o
spiTimerTickDelay   0x4               FATFS/Target/user_diskio_spi.o
retUSER             0x1               FATFS/App/fatfs.o
USERFile            0x230             FATFS/App/fatfs.o
USERFatFS           0x230             FATFS/App/fatfs.o

Discarded input sections

 .text          0x00000000        0x0 c:/ac6/systemworkbench/plugins/fr.ac6.mcu.externaltools.arm-none.win32_1.17.0.201812190825/tools/compiler/bin/../lib/gcc/arm-none-eabi/7.3.1/thumb/v7e-m/fpv4-sp/hard/crti.o
 .data          0x00000000        0x0 c:/ac6/systemworkbench/plugins/fr.ac6.mcu.externaltools.arm-none.win32_1.17.0.201812190825/tools/compiler/bin/../lib/gcc/arm-none-eabi/7.3.1/thumb/v7e-m/fpv4-sp/hard/crti.o
 .bss           0x00000000        0x0 c:/ac6/systemworkbench/plugins/fr.ac6.mcu.externaltools.arm-none.win32_1.17.0.201812190825/tools/compiler/bin/../lib/gcc/arm-none-eabi/7.3.1/thumb/v7e-m/fpv4-sp/hard/crti.o
 .data          0x00000000        0x4 c:/ac6/systemworkbench/plugins/fr.ac6.mcu.externaltools.arm-none.win32_1.17.0.201812190825/tools/compiler/bin/../lib/gcc/arm-none-eabi/7.3.1/thumb/v7e-m/fpv4-sp/hard/crtbegin.o
[...]
Memory Configuration

Name             Origin             Length             Attributes
RAM              0x20000000         0x00020000         xrw
CCMRAM           0x10000000         0x00010000         xrw
FLASH            0x08000000         0x00100000         xr
*default*        0x00000000         0xffffffff

Linker script and memory map

LOAD c:/ac6/systemworkbench/plugins/fr.ac6.mcu.externaltools.arm-none.win32_1.17.0.201812190825/tools/compiler/bin/../lib/gcc/arm-none-eabi/7.3.1/thumb/v7e-m/fpv4-sp/hard/crti.o
LOAD c:/ac6/systemworkbench/plugins/fr.ac6.mcu.externaltools.arm-none.win32_1.17.0.201812190825/tools/compiler/bin/../lib/gcc/arm-none-eabi/7.3.1/thumb/v7e-m/fpv4-sp/hard/crtbegin.o
LOAD c:/ac6/systemworkbench/plugins/fr.ac6.mcu.externaltools.arm-none.win32_1.17.0.201812190825/tools/compiler/bin/../lib/gcc/arm-none-eabi/7.3.1/../../../../arm-none-eabi/lib/thumb/v7e-m/fpv4-sp/hard/crt0.o
LOAD Core/Src/main.o
LOAD Core/Src/stm32f4xx_hal_msp.o
LOAD Core/Src/stm32f4xx_it.o
LOAD Core/Src/syscalls.o
LOAD Core/Src/system_stm32f4xx.o
LOAD Drivers/STM32F4xx_HAL_Driver/Src/stm32f4xx_hal.o
LOAD Drivers/STM32F4xx_HAL_Driver/Src/stm32f4xx_hal_cortex.o
LOAD Drivers/STM32F4xx_HAL_Driver/Src/stm32f4xx_hal_dma.o
LOAD Drivers/STM32F4xx_HAL_Driver/Src/stm32f4xx_hal_dma_ex.o
LOAD Drivers/STM32F4xx_HAL_Driver/Src/stm32f4xx_hal_exti.o
LOAD Drivers/STM32F4xx_HAL_Driver/Src/stm32f4xx_hal_flash.o
LOAD Drivers/STM32F4xx_HAL_Driver/Src/stm32f4xx_hal_flash_ex.o
LOAD Drivers/STM32F4xx_HAL_Driver/Src/stm32f4xx_hal_flash_ramfunc.o
LOAD Drivers/STM32F4xx_HAL_Driver/Src/stm32f4xx_hal_gpio.o
LOAD Drivers/STM32F4xx_HAL_Driver/Src/stm32f4xx_hal_pwr.o
LOAD Drivers/STM32F4xx_HAL_Driver/Src/stm32f4xx_hal_pwr_ex.o
LOAD Drivers/STM32F4xx_HAL_Driver/Src/stm32f4xx_hal_rcc.o
LOAD Drivers/STM32F4xx_HAL_Driver/Src/stm32f4xx_hal_rcc_ex.o
LOAD Drivers/STM32F4xx_HAL_Driver/Src/stm32f4xx_hal_spi.o
LOAD Drivers/STM32F4xx_HAL_Driver/Src/stm32f4xx_hal_tim.o
LOAD Drivers/STM32F4xx_HAL_Driver/Src/stm32f4xx_hal_tim_ex.o
LOAD FATFS/App/fatfs.o
LOAD FATFS/Target/user_diskio.o
LOAD FATFS/Target/user_diskio_spi.o
LOAD Middlewares/Third_Party/FatFs/src/diskio.o
LOAD Middlewares/Third_Party/FatFs/src/ff.o
LOAD Middlewares/Third_Party/FatFs/src/ff_gen_drv.o
LOAD Middlewares/Third_Party/FatFs/src/option/syscall.o
LOAD startup/startup_stm32f407xx.o
LOAD c:/ac6/systemworkbench/plugins/fr.ac6.mcu.externaltools.arm-none.win32_1.17.0.201812190825/tools/compiler/bin/../lib/gcc/arm-none-eabi/7.3.1/../../../../arm-none-eabi/lib/thumb/v7e-m/fpv4-sp/hard\libm.a
START GROUP
LOAD c:/ac6/systemworkbench/plugins/fr.ac6.mcu.externaltools.arm-none.win32_1.17.0.201812190825/tools/compiler/bin/../lib/gcc/arm-none-eabi/7.3.1/thumb/v7e-m/fpv4-sp/hard\libgcc.a
LOAD c:/ac6/systemworkbench/plugins/fr.ac6.mcu.externaltools.arm-none.win32_1.17.0.201812190825/tools/compiler/bin/../lib/gcc/arm-none-eabi/7.3.1/../../../../arm-none-eabi/lib/thumb/v7e-m/fpv4-sp/hard\libc_nano.a
END GROUP
START GROUP
LOAD c:/ac6/systemworkbench/plugins/fr.ac6.mcu.externaltools.arm-none.win32_1.17.0.201812190825/tools/compiler/bin/../lib/gcc/arm-none-eabi/7.3.1/thumb/v7e-m/fpv4-sp/hard\libgcc.a
LOAD c:/ac6/systemworkbench/plugins/fr.ac6.mcu.externaltools.arm-none.win32_1.17.0.201812190825/tools/compiler/bin/../lib/gcc/arm-none-eabi/7.3.1/../../../../arm-none-eabi/lib/thumb/v7e-m/fpv4-sp/hard\libc_nano.a
LOAD c:/ac6/systemworkbench/plugins/fr.ac6.mcu.externaltools.arm-none.win32_1.17.0.201812190825/tools/compiler/bin/../lib/gcc/arm-none-eabi/7.3.1/../../../../arm-none-eabi/lib/thumb/v7e-m/fpv4-sp/hard\libnosys.a
END GROUP
START GROUP
LOAD c:/ac6/systemworkbench/plugins/fr.ac6.mcu.externaltools.arm-none.win32_1.17.0.201812190825/tools/compiler/bin/../lib/gcc/arm-none-eabi/7.3.1/thumb/v7e-m/fpv4-sp/hard\libgcc.a
LOAD c:/ac6/systemworkbench/plugins/fr.ac6.mcu.externaltools.arm-none.win32_1.17.0.201812190825/tools/compiler/bin/../lib/gcc/arm-none-eabi/7.3.1/../../../../arm-none-eabi/lib/thumb/v7e-m/fpv4-sp/hard\libc_nano.a
LOAD c:/ac6/systemworkbench/plugins/fr.ac6.mcu.externaltools.arm-none.win32_1.17.0.201812190825/tools/compiler/bin/../lib/gcc/arm-none-eabi/7.3.1/../../../../arm-none-eabi/lib/thumb/v7e-m/fpv4-sp/hard\libnosys.a
END GROUP
LOAD c:/ac6/systemworkbench/plugins/fr.ac6.mcu.externaltools.arm-none.win32_1.17.0.201812190825/tools/compiler/bin/../lib/gcc/arm-none-eabi/7.3.1/thumb/v7e-m/fpv4-sp/hard/crtend.o
LOAD c:/ac6/systemworkbench/plugins/fr.ac6.mcu.externaltools.arm-none.win32_1.17.0.201812190825/tools/compiler/bin/../lib/gcc/arm-none-eabi/7.3.1/thumb/v7e-m/fpv4-sp/hard/crtn.o
                0x20020000                _estack = 0x20020000
                0x00000200                _Min_Heap_Size = 0x200
                0x00000400                _Min_Stack_Size = 0x400

.isr_vector     0x08000000      0x188
                0x08000000                . = ALIGN (0x4)
 *(.isr_vector)
 .isr_vector    0x08000000      0x188 startup/startup_stm32f407xx.o
                0x08000000                g_pfnVectors
                0x08000188                . = ALIGN (0x4)

.text           0x08000188     0x3328
                0x08000188                . = ALIGN (0x4)
 *(.text)
 .text          0x08000188       0x40 c:/ac6/systemworkbench/plugins/fr.ac6.mcu.externaltools.arm-none.win32_1.17.0.201812190825/tools/compiler/bin/../lib/gcc/arm-none-eabi/7.3.1/thumb/v7e-m/fpv4-sp/hard/crtbegin.o
 .text          0x080001c8       0x30 c:/ac6/systemworkbench/plugins/fr.ac6.mcu.externaltools.arm-none.win32_1.17.0.201812190825/tools/compiler/bin/../lib/gcc/arm-none-eabi/7.3.1/thumb/v7e-m/fpv4-sp/hard\libgcc.a(_aeabi_uldivmod.o)
                0x080001c8                __aeabi_uldivmod
 .text          0x080001f8      0x2cc c:/ac6/systemworkbench/plugins/fr.ac6.mcu.externaltools.arm-none.win32_1.17.0.201812190825/tools/compiler/bin/../lib/gcc/arm-none-eabi/7.3.1/thumb/v7e-m/fpv4-sp/hard\libgcc.a(_udivmoddi4.o)
                0x080001f8                __udivmoddi4
 .text          0x080004c4        0x4 c:/ac6/systemworkbench/plugins/fr.ac6.mcu.externaltools.arm-none.win32_1.17.0.201812190825/tools/compiler/bin/../lib/gcc/arm-none-eabi/7.3.1/thumb/v7e-m/fpv4-sp/hard\libgcc.a(_dvmd_tls.o)
                0x080004c4                __aeabi_idiv0
                0x080004c4                __aeabi_ldiv0
 *(.text*)
 .text.MX_GPIO_Init
                0x080004c8       0x7c Core/Src/main.o
 .text.Error_Handler
                0x08000544        0x4 Core/Src/main.o
                0x08000544                Error_Handler
 .text.MX_SPI2_Init
                0x08000548       0x40 Core/Src/main.o
 .text.SystemClock_Config
                0x08000588       0xc4 Core/Src/main.o
                0x08000588                SystemClock_Config
 .text.main     0x0800064c       0xc4 Core/Src/main.o
                0x0800064c                main
 .text.HAL_MspInit
                0x08000710       0x38 Core/Src/stm32f4xx_hal_msp.o
                0x08000710                HAL_MspInit
 .text.HAL_SPI_MspInit
                0x08000748       0x9c Core/Src/stm32f4xx_hal_msp.o
                0x08000748                HAL_SPI_MspInit
 .text.NMI_Handler
                0x080007e4        0x2 Core/Src/stm32f4xx_it.o
                0x080007e4                NMI_Handler
 .text.HardFault_Handler
                0x080007e6        0x2 Core/Src/stm32f4xx_it.o
                0x080007e6                HardFault_Handler
 .text.MemManage_Handler
                0x080007e8        0x2 Core/Src/stm32f4xx_it.o
                0x080007e8                MemManage_Handler
 .text.BusFault_Handler
                0x080007ea        0x2 Core/Src/stm32f4xx_it.o
                0x080007ea                BusFault_Handler
 .text.UsageFault_Handler
                0x080007ec        0x2 Core/Src/stm32f4xx_it.o
                0x080007ec                UsageFault_Handler
 .text.SVC_Handler
                0x080007ee        0x2 Core/Src/stm32f4xx_it.o
                0x080007ee                SVC_Handler
 .text.DebugMon_Handler
                0x080007f0        0x2 Core/Src/stm32f4xx_it.o
                0x080007f0                DebugMon_Handler
 .text.PendSV_Handler
                0x080007f2        0x2 Core/Src/stm32f4xx_it.o
                0x080007f2                PendSV_Handler
 .text.SysTick_Handler
                0x080007f4        0x8 Core/Src/stm32f4xx_it.o
                0x080007f4                SysTick_Handler
 .text.SystemInit
                0x080007fc       0x14 Core/Src/system_stm32f4xx.o
                0x080007fc                SystemInit
 .text.HAL_InitTick
                0x08000810       0x48 Drivers/STM32F4xx_HAL_Driver/Src/stm32f4xx_hal.o
                0x08000810                HAL_InitTick
 .text.HAL_Init
                0x08000858       0x34 Drivers/STM32F4xx_HAL_Driver/Src/stm32f4xx_hal.o
                0x08000858                HAL_Init
 .text.HAL_IncTick
                0x0800088c       0x18 Drivers/STM32F4xx_HAL_Driver/Src/stm32f4xx_hal.o
                0x0800088c                HAL_IncTick
 .text.HAL_GetTick
                0x080008a4        0xc Drivers/STM32F4xx_HAL_Driver/Src/stm32f4xx_hal.o
                0x080008a4                HAL_GetTick
 .text.HAL_Delay
                0x080008b0       0x28 Drivers/STM32F4xx_HAL_Driver/Src/stm32f4xx_hal.o
                0x080008b0                HAL_Delay
 .text.HAL_NVIC_SetPriorityGrouping
                0x080008d8       0x24 Drivers/STM32F4xx_HAL_Driver/Src/stm32f4xx_hal_cortex.o
                0x080008d8                HAL_NVIC_SetPriorityGrouping
 .text.HAL_NVIC_SetPriority
                0x080008fc       0x68 Drivers/STM32F4xx_HAL_Driver/Src/stm32f4xx_hal_cortex.o
                0x080008fc                HAL_NVIC_SetPriority
 .text.HAL_SYSTICK_Config
                0x08000964       0x2c Drivers/STM32F4xx_HAL_Driver/Src/stm32f4xx_hal_cortex.o
                0x08000964                HAL_SYSTICK_Config
 .text.HAL_GPIO_Init
                0x08000990      0x1d4 Drivers/STM32F4xx_HAL_Driver/Src/stm32f4xx_hal_gpio.o
                0x08000990                HAL_GPIO_Init
 .text.HAL_GPIO_WritePin
                0x08000b64        0xc Drivers/STM32F4xx_HAL_Driver/Src/stm32f4xx_hal_gpio.o
                0x08000b64                HAL_GPIO_WritePin
 .text.HAL_RCC_OscConfig
                0x08000b70      0x3f8 Drivers/STM32F4xx_HAL_Driver/Src/stm32f4xx_hal_rcc.o
                0x08000b70                HAL_RCC_OscConfig
 .text.HAL_RCC_GetSysClockFreq
                0x08000f68       0xa8 Drivers/STM32F4xx_HAL_Driver/Src/stm32f4xx_hal_rcc.o
                0x08000f68                HAL_RCC_GetSysClockFreq
 .text.HAL_RCC_ClockConfig
                0x08001010      0x160 Drivers/STM32F4xx_HAL_Driver/Src/stm32f4xx_hal_rcc.o
                0x08001010                HAL_RCC_ClockConfig
 .text.HAL_RCCEx_PeriphCLKConfig
                0x08001170      0x154 Drivers/STM32F4xx_HAL_Driver/Src/stm32f4xx_hal_rcc_ex.o
                0x08001170                HAL_RCCEx_PeriphCLKConfig
 .text.SPI_WaitFlagStateUntilTimeout
                0x080012c4       0xd0 Drivers/STM32F4xx_HAL_Driver/Src/stm32f4xx_hal_spi.o
 .text.SPI_EndRxTxTransaction
                0x08001394       0x68 Drivers/STM32F4xx_HAL_Driver/Src/stm32f4xx_hal_spi.o
 .text.HAL_SPI_Init
                0x080013fc       0xbe Drivers/STM32F4xx_HAL_Driver/Src/stm32f4xx_hal_spi.o
                0x080013fc                HAL_SPI_Init
 .text.HAL_SPI_TransmitReceive
                0x080014ba      0x22e Drivers/STM32F4xx_HAL_Driver/Src/stm32f4xx_hal_spi.o
                0x080014ba                HAL_SPI_TransmitReceive
 .text.MX_FATFS_Init
                0x080016e8       0x1c FATFS/App/fatfs.o
                0x080016e8                MX_FATFS_Init
 .text.get_fattime
                0x08001704        0x4 FATFS/App/fatfs.o
                0x08001704                get_fattime
 .text.USER_initialize
                0x08001708       0x14 FATFS/Target/user_diskio.o
                0x08001708                USER_initialize
 .text.USER_status
                0x0800171c       0x14 FATFS/Target/user_diskio.o
                0x0800171c                USER_status
 .text.USER_read
                0x08001730        0x8 FATFS/Target/user_diskio.o
                0x08001730                USER_read
 .text.USER_write
                0x08001738        0x8 FATFS/Target/user_diskio.o
                0x08001738                USER_write
 .text.USER_ioctl
                0x08001740        0x8 FATFS/Target/user_diskio.o
                0x08001740                USER_ioctl
 .text.xchg_spi
                0x08001748       0x2c FATFS/Target/user_diskio_spi.o
 .text.wait_ready
                0x08001774       0x2a FATFS/Target/user_diskio_spi.o
 .text.rcvr_spi_multi
                0x0800179e       0x1a FATFS/Target/user_diskio_spi.o
 .text.xmit_spi_multi
                0x080017b8       0x18 FATFS/Target/user_diskio_spi.o
 .text.xmit_datablock
                0x080017d0       0x50 FATFS/Target/user_diskio_spi.o
 .text.despiselect
                0x08001820       0x18 FATFS/Target/user_diskio_spi.o
 .text.spiselect
                0x08001838       0x30 FATFS/Target/user_diskio_spi.o
 .text.send_cmd
                0x08001868       0x8c FATFS/Target/user_diskio_spi.o
 .text.SPI_Timer_On
                0x080018f4       0x1c FATFS/Target/user_diskio_spi.o
                0x080018f4                SPI_Timer_On
 .text.SPI_Timer_Status
                0x08001910       0x24 FATFS/Target/user_diskio_spi.o
                0x08001910                SPI_Timer_Status
 .text.rcvr_datablock
                0x08001934       0x40 FATFS/Target/user_diskio_spi.o
 .text.USER_SPI_initialize
                0x08001974      0x168 FATFS/Target/user_diskio_spi.o
                0x08001974                USER_SPI_initialize
 .text.USER_SPI_read
                0x08001adc       0x8c FATFS/Target/user_diskio_spi.o
                0x08001adc                USER_SPI_read
 .text.USER_SPI_write
                0x08001b68       0xb0 FATFS/Target/user_diskio_spi.o
                0x08001b68                USER_SPI_write
 .text.USER_SPI_ioctl
                0x08001c18      0x224 FATFS/Target/user_diskio_spi.o
                0x08001c18                USER_SPI_ioctl
 .text.disk_status
                0x08001e3c       0x18 Middlewares/Third_Party/FatFs/src/diskio.o
                0x08001e3c                disk_status
 .text.disk_initialize
                0x08001e54       0x28 Middlewares/Third_Party/FatFs/src/diskio.o
                0x08001e54                disk_initialize
 .text.disk_read
                0x08001e7c       0x18 Middlewares/Third_Party/FatFs/src/diskio.o
                0x08001e7c                disk_read
 .text.disk_write
                0x08001e94       0x18 Middlewares/Third_Party/FatFs/src/diskio.o
                0x08001e94                disk_write
 .text.disk_ioctl
                0x08001eac       0x18 Middlewares/Third_Party/FatFs/src/diskio.o
                0x08001eac                disk_ioctl
 .text.ld_word  0x08001ec4        0xa Middlewares/Third_Party/FatFs/src/ff.o
 .text.ld_dword
                0x08001ece       0x16 Middlewares/Third_Party/FatFs/src/ff.o
 .text.st_word  0x08001ee4        0x8 Middlewares/Third_Party/FatFs/src/ff.o
 .text.st_dword
                0x08001eec       0x14 Middlewares/Third_Party/FatFs/src/ff.o
 .text.mem_cpy  0x08001f00       0x12 Middlewares/Third_Party/FatFs/src/ff.o
 .text.mem_set  0x08001f12        0xa Middlewares/Third_Party/FatFs/src/ff.o
 .text.mem_cmp  0x08001f1c       0x1e Middlewares/Third_Party/FatFs/src/ff.o
 .text.chk_chr  0x08001f3a       0x10 Middlewares/Third_Party/FatFs/src/ff.o
 *fill*         0x08001f4a        0x2 
 .text.chk_lock
                0x08001f4c       0x74 Middlewares/Third_Party/FatFs/src/ff.o
 .text.enq_lock
                0x08001fc0       0x20 Middlewares/Third_Party/FatFs/src/ff.o
 .text.inc_lock
                0x08001fe0       0xa4 Middlewares/Third_Party/FatFs/src/ff.o
 .text.dec_lock
                0x08002084       0x40 Middlewares/Third_Party/FatFs/src/ff.o
 .text.clear_lock
                0x080020c4       0x3c Middlewares/Third_Party/FatFs/src/ff.o
 .text.clust2sect
                0x08002100       0x18 Middlewares/Third_Party/FatFs/src/ff.o
 .text.clmt_clust
                0x08002118       0x22 Middlewares/Third_Party/FatFs/src/ff.o
 .text.ld_clust
                0x0800213a       0x26 Middlewares/Third_Party/FatFs/src/ff.o
 .text.st_clust
                0x08002160       0x26 Middlewares/Third_Party/FatFs/src/ff.o
 *fill*         0x08002186        0x2 
 .text.create_name
                0x08002188       0xcc Middlewares/Third_Party/FatFs/src/ff.o
 .text.get_ldnumber
                0x08002254       0x54 Middlewares/Third_Party/FatFs/src/ff.o
 .text.validate
                0x080022a8       0x48 Middlewares/Third_Party/FatFs/src/ff.o
 .text.sync_window
                0x080022f0       0x54 Middlewares/Third_Party/FatFs/src/ff.o
 .text.move_window
                0x08002344       0x34 Middlewares/Third_Party/FatFs/src/ff.o
 .text.check_fs
                0x08002378       0x7c Middlewares/Third_Party/FatFs/src/ff.o
 .text.find_volume
                0x080023f4      0x304 Middlewares/Third_Party/FatFs/src/ff.o
 .text.put_fat  0x080026f8      0x10a Middlewares/Third_Party/FatFs/src/ff.o
 .text.get_fat  0x08002802       0xd0 Middlewares/Third_Party/FatFs/src/ff.o
 .text.dir_sdi  0x080028d2       0xa2 Middlewares/Third_Party/FatFs/src/ff.o
 .text.create_chain
                0x08002974       0xc4 Middlewares/Third_Party/FatFs/src/ff.o
 .text.remove_chain
                0x08002a38       0x88 Middlewares/Third_Party/FatFs/src/ff.o
 .text.dir_next
                0x08002ac0      0x10c Middlewares/Third_Party/FatFs/src/ff.o
 .text.dir_find
                0x08002bcc       0x5a Middlewares/Third_Party/FatFs/src/ff.o
 .text.follow_path
                0x08002c26       0x8c Middlewares/Third_Party/FatFs/src/ff.o
 .text.dir_alloc
                0x08002cb2       0x50 Middlewares/Third_Party/FatFs/src/ff.o
 .text.dir_register
                0x08002d02       0x3e Middlewares/Third_Party/FatFs/src/ff.o
 .text.sync_fs  0x08002d40       0x8c Middlewares/Third_Party/FatFs/src/ff.o
 .text.f_mount  0x08002dcc       0x64 Middlewares/Third_Party/FatFs/src/ff.o
                0x08002dcc                f_mount
 .text.f_open   0x08002e30      0x228 Middlewares/Third_Party/FatFs/src/ff.o
                0x08002e30                f_open
 .text.f_read   0x08003058      0x18c Middlewares/Third_Party/FatFs/src/ff.o
                0x08003058                f_read
 .text.f_sync   0x080031e4       0xa0 Middlewares/Third_Party/FatFs/src/ff.o
                0x080031e4                f_sync
 .text.f_close  0x08003284       0x34 Middlewares/Third_Party/FatFs/src/ff.o
                0x08003284                f_close
 .text.f_getfree
                0x080032b8       0xe0 Middlewares/Third_Party/FatFs/src/ff.o
                0x080032b8                f_getfree
 .text.FATFS_LinkDriverEx
                0x08003398       0x48 Middlewares/Third_Party/FatFs/src/ff_gen_drv.o
                0x08003398                FATFS_LinkDriverEx
 .text.FATFS_LinkDriver
                0x080033e0        0xa Middlewares/Third_Party/FatFs/src/ff_gen_drv.o
                0x080033e0                FATFS_LinkDriver
 *fill*         0x080033ea        0x2 
 .text.Reset_Handler
                0x080033ec       0x50 startup/startup_stm32f407xx.o
                0x080033ec                Reset_Handler
 .text.Default_Handler
                0x0800343c        0x2 startup/startup_stm32f407xx.o
                0x0800343c                RTC_Alarm_IRQHandler
                0x0800343c                HASH_RNG_IRQHandler
                0x0800343c                EXTI2_IRQHandler
                0x0800343c                TIM8_CC_IRQHandler
                0x0800343c                TIM1_CC_IRQHandler
                0x0800343c                DMA2_Stream5_IRQHandler
                0x0800343c                DMA1_Stream5_IRQHandler
                0x0800343c                PVD_IRQHandler
                0x0800343c                SDIO_IRQHandler
                0x0800343c                TAMP_STAMP_IRQHandler
                0x0800343c                CAN2_RX1_IRQHandler
                0x0800343c                EXTI3_IRQHandler
                0x0800343c                TIM8_TRG_COM_TIM14_IRQHandler
                0x0800343c                TIM1_UP_TIM10_IRQHandler
                0x0800343c                TIM8_UP_TIM13_IRQHandler
                0x0800343c                I2C3_ER_IRQHandler
                0x0800343c                EXTI0_IRQHandler
                0x0800343c                I2C2_EV_IRQHandler
                0x0800343c                DMA1_Stream2_IRQHandler
                0x0800343c                CAN1_RX0_IRQHandler
                0x0800343c                FPU_IRQHandler
                0x0800343c                OTG_HS_WKUP_IRQHandler
                0x0800343c                CAN2_SCE_IRQHandler
                0x0800343c                DMA2_Stream2_IRQHandler
                0x0800343c                SPI1_IRQHandler
                0x0800343c                TIM6_DAC_IRQHandler
                0x0800343c                TIM1_BRK_TIM9_IRQHandler
                0x0800343c                DCMI_IRQHandler
                0x0800343c                CAN2_RX0_IRQHandler
                0x0800343c                DMA2_Stream3_IRQHandler
                0x0800343c                USART6_IRQHandler
                0x0800343c                USART3_IRQHandler
                0x0800343c                CAN1_RX1_IRQHandler
                0x0800343c                UART5_IRQHandler
                0x0800343c                DMA2_Stream0_IRQHandler
                0x0800343c                TIM4_IRQHandler
                0x0800343c                I2C1_EV_IRQHandler
                0x0800343c                DMA1_Stream6_IRQHandler
                0x0800343c                DMA1_Stream1_IRQHandler
                0x0800343c                UART4_IRQHandler
                0x0800343c                TIM3_IRQHandler
                0x0800343c                RCC_IRQHandler
                0x0800343c                TIM8_BRK_TIM12_IRQHandler
                0x0800343c                Default_Handler
                0x0800343c                EXTI15_10_IRQHandler
                0x0800343c                ADC_IRQHandler
                0x0800343c                DMA1_Stream7_IRQHandler
                0x0800343c                TIM7_IRQHandler
                0x0800343c                CAN2_TX_IRQHandler
                0x0800343c                TIM5_IRQHandler
                0x0800343c                DMA2_Stream7_IRQHandler
                0x0800343c                I2C3_EV_IRQHandler
                0x0800343c                EXTI9_5_IRQHandler
                0x0800343c                RTC_WKUP_IRQHandler
                0x0800343c                ETH_WKUP_IRQHandler
                0x0800343c                SPI2_IRQHandler
                0x0800343c                OTG_HS_EP1_IN_IRQHandler
                0x0800343c                DMA1_Stream0_IRQHandler
                0x0800343c                CAN1_TX_IRQHandler
                0x0800343c                EXTI4_IRQHandler
                0x0800343c                FSMC_IRQHandler
                0x0800343c                ETH_IRQHandler
                0x0800343c                OTG_HS_EP1_OUT_IRQHandler
                0x0800343c                WWDG_IRQHandler
                0x0800343c                TIM2_IRQHandler
                0x0800343c                OTG_FS_WKUP_IRQHandler
                0x0800343c                TIM1_TRG_COM_TIM11_IRQHandler
                0x0800343c                OTG_HS_IRQHandler
                0x0800343c                EXTI1_IRQHandler
                0x0800343c                USART2_IRQHandler
                0x0800343c                I2C2_ER_IRQHandler
                0x0800343c                DMA2_Stream1_IRQHandler
                0x0800343c                CAN1_SCE_IRQHandler
                0x0800343c                FLASH_IRQHandler
                0x0800343c                DMA2_Stream4_IRQHandler
                0x0800343c                USART1_IRQHandler
                0x0800343c                OTG_FS_IRQHandler
                0x0800343c                SPI3_IRQHandler
                0x0800343c                DMA1_Stream4_IRQHandler
                0x0800343c                I2C1_ER_IRQHandler
                0x0800343c                DMA2_Stream6_IRQHandler
                0x0800343c                DMA1_Stream3_IRQHandler
 *fill*         0x0800343e        0x2 
 .text.__libc_init_array
                0x08003440       0x48 c:/ac6/systemworkbench/plugins/fr.ac6.mcu.externaltools.arm-none.win32_1.17.0.201812190825/tools/compiler/bin/../lib/gcc/arm-none-eabi/7.3.1/../../../../arm-none-eabi/lib/thumb/v7e-m/fpv4-sp/hard\libc_nano.a(lib_a-init.o)
                0x08003440                __libc_init_array
 .text.memset   0x08003488       0x10 c:/ac6/systemworkbench/plugins/fr.ac6.mcu.externaltools.arm-none.win32_1.17.0.201812190825/tools/compiler/bin/../lib/gcc/arm-none-eabi/7.3.1/../../../../arm-none-eabi/lib/thumb/v7e-m/fpv4-sp/hard\libc_nano.a(lib_a-memset.o)
                0x08003488                memset
 *(.glue_7)
 .glue_7        0x08003498        0x0 linker stubs
 *(.glue_7t)
 .glue_7t       0x08003498        0x0 linker stubs
 *(.eh_frame)
 .eh_frame      0x08003498        0x0 c:/ac6/systemworkbench/plugins/fr.ac6.mcu.externaltools.arm-none.win32_1.17.0.201812190825/tools/compiler/bin/../lib/gcc/arm-none-eabi/7.3.1/thumb/v7e-m/fpv4-sp/hard/crtbegin.o
 *(.init)
 .init          0x08003498        0x4 c:/ac6/systemworkbench/plugins/fr.ac6.mcu.externaltools.arm-none.win32_1.17.0.201812190825/tools/compiler/bin/../lib/gcc/arm-none-eabi/7.3.1/thumb/v7e-m/fpv4-sp/hard/crti.o
                0x08003498                _init
 .init          0x0800349c        0x8 c:/ac6/systemworkbench/plugins/fr.ac6.mcu.externaltools.arm-none.win32_1.17.0.201812190825/tools/compiler/bin/../lib/gcc/arm-none-eabi/7.3.1/thumb/v7e-m/fpv4-sp/hard/crtn.o
 *(.fini)
 .fini          0x080034a4        0x4 c:/ac6/systemworkbench/plugins/fr.ac6.mcu.externaltools.arm-none.win32_1.17.0.201812190825/tools/compiler/bin/../lib/gcc/arm-none-eabi/7.3.1/thumb/v7e-m/fpv4-sp/hard/crti.o
                0x080034a4                _fini
 .fini          0x080034a8        0x8 c:/ac6/systemworkbench/plugins/fr.ac6.mcu.externaltools.arm-none.win32_1.17.0.201812190825/tools/compiler/bin/../lib/gcc/arm-none-eabi/7.3.1/thumb/v7e-m/fpv4-sp/hard/crtn.o
                0x080034b0                . = ALIGN (0x4)
                0x080034b0                _etext = .

.vfp11_veneer   0x080034b0        0x0
 .vfp11_veneer  0x080034b0        0x0 linker stubs

.v4_bx          0x080034b0        0x0
 .v4_bx         0x080034b0        0x0 linker stubs

.iplt           0x080034b0        0x0
 .iplt          0x080034b0        0x0 c:/ac6/systemworkbench/plugins/fr.ac6.mcu.externaltools.arm-none.win32_1.17.0.201812190825/tools/compiler/bin/../lib/gcc/arm-none-eabi/7.3.1/thumb/v7e-m/fpv4-sp/hard/crtbegin.o

.rodata         0x080034b0      0x108
                0x080034b0                . = ALIGN (0x4)
 *(.rodata)
 .rodata        0x080034b0       0x18 Core/Src/system_stm32f4xx.o
                0x080034b0                AHBPrescTable
                0x080034c0                APBPrescTable
 .rodata        0x080034c8       0x9e Middlewares/Third_Party/FatFs/src/ff.o
 *(.rodata*)
 *fill*         0x08003566        0x2 
 .rodata.str1.4
                0x08003568        0x9 Core/Src/main.o
                                  0xd (size before relaxing)
 *fill*         0x08003571        0x3 
 .rodata.str1.4
                0x08003574       0x44 Middlewares/Third_Party/FatFs/src/ff.o
                0x080035b8                . = ALIGN (0x4)

.ARM.extab
 *(.ARM.extab* .gnu.linkonce.armextab.*)

.ARM            0x080035b8        0x8
                0x080035b8                __exidx_start = .
 *(.ARM.exidx*)
 .ARM.exidx     0x080035b8        0x8 c:/ac6/systemworkbench/plugins/fr.ac6.mcu.externaltools.arm-none.win32_1.17.0.201812190825/tools/compiler/bin/../lib/gcc/arm-none-eabi/7.3.1/thumb/v7e-m/fpv4-sp/hard\libgcc.a(_udivmoddi4.o)
                0x080035c0                __exidx_end = .

.rel.dyn        0x080035c0        0x0
 .rel.iplt      0x080035c0        0x0 c:/ac6/systemworkbench/plugins/fr.ac6.mcu.externaltools.arm-none.win32_1.17.0.201812190825/tools/compiler/bin/../lib/gcc/arm-none-eabi/7.3.1/thumb/v7e-m/fpv4-sp/hard/crtbegin.o

.preinit_array  0x080035c0        0x0
                0x080035c0                PROVIDE (__preinit_array_start = .)
 *(.preinit_array*)
                0x080035c0                PROVIDE (__preinit_array_end = .)

.init_array     0x080035c0        0x4
                0x080035c0                PROVIDE (__init_array_start = .)
 *(SORT_BY_NAME(.init_array.*))
 *(.init_array*)
 .init_array    0x080035c0        0x4 c:/ac6/systemworkbench/plugins/fr.ac6.mcu.externaltools.arm-none.win32_1.17.0.201812190825/tools/compiler/bin/../lib/gcc/arm-none-eabi/7.3.1/thumb/v7e-m/fpv4-sp/hard/crtbegin.o
                0x080035c4                PROVIDE (__init_array_end = .)

.fini_array     0x080035c4        0x4
                [!provide]                PROVIDE (__fini_array_start = .)
 *(SORT_BY_NAME(.fini_array.*))
 *(.fini_array*)
 .fini_array    0x080035c4        0x4 c:/ac6/systemworkbench/plugins/fr.ac6.mcu.externaltools.arm-none.win32_1.17.0.201812190825/tools/compiler/bin/../lib/gcc/arm-none-eabi/7.3.1/thumb/v7e-m/fpv4-sp/hard/crtbegin.o
                [!provide]                PROVIDE (__fini_array_end = .)
                0x080035c8                _sidata = LOADADDR (.data)

.data           0x20000000       0x28 load address 0x080035c8
                0x20000000                . = ALIGN (0x4)
                0x20000000                _sdata = .
 *(.data)
 .data          0x20000000        0x4 Core/Src/system_stm32f4xx.o
                0x20000000                SystemCoreClock
 .data          0x20000004        0x8 Drivers/STM32F4xx_HAL_Driver/Src/stm32f4xx_hal.o
                0x20000004                uwTickFreq
                0x20000008                uwTickPrio
 .data          0x2000000c       0x18 FATFS/Target/user_diskio.o
                0x20000010                USER_Driver
 .data          0x20000024        0x1 FATFS/Target/user_diskio_spi.o
 *(.data*)
                0x20000028                . = ALIGN (0x4)
 *fill*         0x20000025        0x3 
                0x20000028                _edata = .
                0x080035f0                _siccmram = LOADADDR (.ccmram)

.igot.plt       0x20000028        0x0 load address 0x080035f0
 .igot.plt      0x20000028        0x0 c:/ac6/systemworkbench/plugins/fr.ac6.mcu.externaltools.arm-none.win32_1.17.0.201812190825/tools/compiler/bin/../lib/gcc/arm-none-eabi/7.3.1/thumb/v7e-m/fpv4-sp/hard/crtbegin.o

.ccmram         0x10000000        0x0 load address 0x080035f0
                0x10000000                . = ALIGN (0x4)
                0x10000000                _sccmram = .
 *(.ccmram)
 *(.ccmram*)
                0x10000000                . = ALIGN (0x4)
                0x10000000                _eccmram = .
                0x10000000                . = ALIGN (0x4)

.bss            0x20000028      0x54c
                0x20000028                _sbss = .
                0x20000028                __bss_start__ = _sbss
 *(.bss)
 .bss           0x20000028       0x1c c:/ac6/systemworkbench/plugins/fr.ac6.mcu.externaltools.arm-none.win32_1.17.0.201812190825/tools/compiler/bin/../lib/gcc/arm-none-eabi/7.3.1/thumb/v7e-m/fpv4-sp/hard/crtbegin.o
 .bss           0x20000044        0x1 FATFS/Target/user_diskio_spi.o
 *fill*         0x20000045        0x3 
 .bss           0x20000048       0x26 Middlewares/Third_Party/FatFs/src/ff.o
 *fill*         0x2000006e        0x2 
 .bss           0x20000070        0xc Middlewares/Third_Party/FatFs/src/ff_gen_drv.o
                0x20000070                disk
 *(.bss*)
 *(COMMON)
 COMMON         0x2000007c       0x84 Core/Src/main.o
                0x2000007c                hspi2
                0x200000d4                head
 COMMON         0x20000100        0x4 Drivers/STM32F4xx_HAL_Driver/Src/stm32f4xx_hal.o
                0x20000100                uwTick
 COMMON         0x20000104      0x468 FATFS/App/fatfs.o
                0x20000104                USERPath
                0x20000108                retUSER
                0x2000010c                USERFile
                0x2000033c                USERFatFS
 COMMON         0x2000056c        0x8 FATFS/Target/user_diskio_spi.o
                0x2000056c                spiTimerTickStart
                0x20000570                spiTimerTickDelay
                0x20000574                . = ALIGN (0x4)
                0x20000574                _ebss = .
                0x20000574                __bss_end__ = _ebss

._user_heap_stack
                0x20000574      0x604
                0x20000578                . = ALIGN (0x8)
 *fill*         0x20000574        0x4 
                0x20000578                PROVIDE (end = .)
                [!provide]                PROVIDE (_end = .)
                0x20000778                . = (. + _Min_Heap_Size)
 *fill*         0x20000578      0x200 
                0x20000b78                . = (. + _Min_Stack_Size)
 *fill*         0x20000778      0x400 
                0x20000b78                . = ALIGN (0x8)

/DISCARD/
 libc.a(*)
 libm.a(*)
 libgcc.a(*)

.ARM.attributes
                0x00000000       0x30
 *(.ARM.attributes)
 .ARM.attributes
                0x00000000       0x22 c:/ac6/systemworkbench/plugins/fr.ac6.mcu.externaltools.arm-none.win32_1.17.0.201812190825/tools/compiler/bin/../lib/gcc/arm-none-eabi/7.3.1/thumb/v7e-m/fpv4-sp/hard/crti.o
 .ARM.attributes
                0x00000022       0x34 c:/ac6/systemworkbench/plugins/fr.ac6.mcu.externaltools.arm-none.win32_1.17.0.201812190825/tools/compiler/bin/../lib/gcc/arm-none-eabi/7.3.1/thumb/v7e-m/fpv4-sp/hard/crtbegin.o
 .ARM.attributes
                0x00000056       0x39 Core/Src/main.o
 .ARM.attributes
                0x0000008f       0x39 Core/Src/stm32f4xx_hal_msp.o
 .ARM.attributes
                0x000000c8       0x39 Core/Src/stm32f4xx_it.o
 .ARM.attributes
                0x00000101       0x39 Core/Src/system_stm32f4xx.o
 .ARM.attributes
                0x0000013a       0x39 Drivers/STM32F4xx_HAL_Driver/Src/stm32f4xx_hal.o
 .ARM.attributes
                0x00000173       0x39 Drivers/STM32F4xx_HAL_Driver/Src/stm32f4xx_hal_cortex.o
 .ARM.attributes
                0x000001ac       0x39 Drivers/STM32F4xx_HAL_Driver/Src/stm32f4xx_hal_gpio.o
 .ARM.attributes
                0x000001e5       0x39 Drivers/STM32F4xx_HAL_Driver/Src/stm32f4xx_hal_rcc.o
 .ARM.attributes
                0x0000021e       0x39 Drivers/STM32F4xx_HAL_Driver/Src/stm32f4xx_hal_rcc_ex.o
 .ARM.attributes
                0x00000257       0x39 Drivers/STM32F4xx_HAL_Driver/Src/stm32f4xx_hal_spi.o
 .ARM.attributes
                0x00000290       0x39 FATFS/App/fatfs.o
 .ARM.attributes
                0x000002c9       0x39 FATFS/Target/user_diskio.o
 .ARM.attributes
                0x00000302       0x39 FATFS/Target/user_diskio_spi.o
 .ARM.attributes
                0x0000033b       0x39 Middlewares/Third_Party/FatFs/src/diskio.o
 .ARM.attributes
                0x00000374       0x39 Middlewares/Third_Party/FatFs/src/ff.o
 .ARM.attributes
                0x000003ad       0x39 Middlewares/Third_Party/FatFs/src/ff_gen_drv.o
 .ARM.attributes
                0x000003e6       0x21 startup/startup_stm32f407xx.o
 .ARM.attributes
                0x00000407       0x22 c:/ac6/systemworkbench/plugins/fr.ac6.mcu.externaltools.arm-none.win32_1.17.0.201812190825/tools/compiler/bin/../lib/gcc/arm-none-eabi/7.3.1/thumb/v7e-m/fpv4-sp/hard\libgcc.a(_aeabi_uldivmod.o)
 .ARM.attributes
                0x00000429       0x34 c:/ac6/systemworkbench/plugins/fr.ac6.mcu.externaltools.arm-none.win32_1.17.0.201812190825/tools/compiler/bin/../lib/gcc/arm-none-eabi/7.3.1/thumb/v7e-m/fpv4-sp/hard\libgcc.a(_udivmoddi4.o)
 .ARM.attributes
                0x0000045d       0x22 c:/ac6/systemworkbench/plugins/fr.ac6.mcu.externaltools.arm-none.win32_1.17.0.201812190825/tools/compiler/bin/../lib/gcc/arm-none-eabi/7.3.1/thumb/v7e-m/fpv4-sp/hard\libgcc.a(_dvmd_tls.o)
 .ARM.attributes
                0x0000047f       0x34 c:/ac6/systemworkbench/plugins/fr.ac6.mcu.externaltools.arm-none.win32_1.17.0.201812190825/tools/compiler/bin/../lib/gcc/arm-none-eabi/7.3.1/../../../../arm-none-eabi/lib/thumb/v7e-m/fpv4-sp/hard\libc_nano.a(lib_a-init.o)
 .ARM.attributes
                0x000004b3       0x34 c:/ac6/systemworkbench/plugins/fr.ac6.mcu.externaltools.arm-none.win32_1.17.0.201812190825/tools/compiler/bin/../lib/gcc/arm-none-eabi/7.3.1/../../../../arm-none-eabi/lib/thumb/v7e-m/fpv4-sp/hard\libc_nano.a(lib_a-memset.o)
 .ARM.attributes
                0x000004e7       0x22 c:/ac6/systemworkbench/plugins/fr.ac6.mcu.externaltools.arm-none.win32_1.17.0.201812190825/tools/compiler/bin/../lib/gcc/arm-none-eabi/7.3.1/thumb/v7e-m/fpv4-sp/hard/crtn.o
OUTPUT(ej_SD_file.elf elf32-littlearm)

.debug_info     0x00000000    0x11466
 .debug_info    0x00000000     0x1ce1 Core/Src/main.o
 .debug_info    0x00001ce1      0xa56 Core/Src/stm32f4xx_hal_msp.o
 .debug_info    0x00002737      0x223 Core/Src/stm32f4xx_it.o
 .debug_info    0x0000295a      0x559 Core/Src/system_stm32f4xx.o
 .debug_info    0x00002eb3      0x9f1 Drivers/STM32F4xx_HAL_Driver/Src/stm32f4xx_hal.o
 .debug_info    0x000038a4      0xf8c Drivers/STM32F4xx_HAL_Driver/Src/stm32f4xx_hal_cortex.o
 .debug_info    0x00004830      0x7d0 Drivers/STM32F4xx_HAL_Driver/Src/stm32f4xx_hal_gpio.o
 .debug_info    0x00005000      0xa94 Drivers/STM32F4xx_HAL_Driver/Src/stm32f4xx_hal_rcc.o
 .debug_info    0x00005a94      0x6b5 Drivers/STM32F4xx_HAL_Driver/Src/stm32f4xx_hal_rcc_ex.o
 .debug_info    0x00006149     0x1c4c Drivers/STM32F4xx_HAL_Driver/Src/stm32f4xx_hal_spi.o
 .debug_info    0x00007d95      0xdb4 FATFS/App/fatfs.o
 .debug_info    0x00008b49      0xce3 FATFS/Target/user_diskio.o
 .debug_info    0x0000982c     0x1add FATFS/Target/user_diskio_spi.o
 .debug_info    0x0000b309      0xd42 Middlewares/Third_Party/FatFs/src/diskio.o
 .debug_info    0x0000c04b     0x4738 Middlewares/Third_Party/FatFs/src/ff.o
 .debug_info    0x00010783      0xcc1 Middlewares/Third_Party/FatFs/src/ff_gen_drv.o
 .debug_info    0x00011444       0x22 startup/startup_stm32f407xx.o

.debug_abbrev   0x00000000     0x2443
 .debug_abbrev  0x00000000      0x345 Core/Src/main.o
 .debug_abbrev  0x00000345      0x1a9 Core/Src/stm32f4xx_hal_msp.o
 .debug_abbrev  0x000004ee       0xe4 Core/Src/stm32f4xx_it.o
 .debug_abbrev  0x000005d2      0x12b Core/Src/system_stm32f4xx.o
 .debug_abbrev  0x000006fd      0x1ed Drivers/STM32F4xx_HAL_Driver/Src/stm32f4xx_hal.o
 .debug_abbrev  0x000008ea      0x328 Drivers/STM32F4xx_HAL_Driver/Src/stm32f4xx_hal_cortex.o
 .debug_abbrev  0x00000c12      0x1e7 Drivers/STM32F4xx_HAL_Driver/Src/stm32f4xx_hal_gpio.o
 .debug_abbrev  0x00000df9      0x273 Drivers/STM32F4xx_HAL_Driver/Src/stm32f4xx_hal_rcc.o
 .debug_abbrev  0x0000106c      0x179 Drivers/STM32F4xx_HAL_Driver/Src/stm32f4xx_hal_rcc_ex.o
 .debug_abbrev  0x000011e5      0x249 Drivers/STM32F4xx_HAL_Driver/Src/stm32f4xx_hal_spi.o
 .debug_abbrev  0x0000142e      0x23f FATFS/App/fatfs.o
 .debug_abbrev  0x0000166d      0x24f FATFS/Target/user_diskio.o
 .debug_abbrev  0x000018bc      0x35f FATFS/Target/user_diskio_spi.o
 .debug_abbrev  0x00001c1b      0x282 Middlewares/Third_Party/FatFs/src/diskio.o
 .debug_abbrev  0x00001e9d      0x31e Middlewares/Third_Party/FatFs/src/ff.o
 .debug_abbrev  0x000021bb      0x276 Middlewares/Third_Party/FatFs/src/ff_gen_drv.o
 .debug_abbrev  0x00002431       0x12 startup/startup_stm32f407xx.o

.debug_loc      0x00000000     0x846d
 .debug_loc     0x00000000       0xb8 Core/Src/main.o
 .debug_loc     0x000000b8       0x74 Core/Src/stm32f4xx_hal_msp.o
 .debug_loc     0x0000012c      0x13e Core/Src/system_stm32f4xx.o
 .debug_loc     0x0000026a      0x11b Drivers/STM32F4xx_HAL_Driver/Src/stm32f4xx_hal.o
 .debug_loc     0x00000385      0x5ce Drivers/STM32F4xx_HAL_Driver/Src/stm32f4xx_hal_cortex.o
 .debug_loc     0x00000953      0x475 Drivers/STM32F4xx_HAL_Driver/Src/stm32f4xx_hal_gpio.o
 .debug_loc     0x00000dc8      0x40f Drivers/STM32F4xx_HAL_Driver/Src/stm32f4xx_hal_rcc.o
 .debug_loc     0x000011d7      0x2c7 Drivers/STM32F4xx_HAL_Driver/Src/stm32f4xx_hal_rcc_ex.o
 .debug_loc     0x0000149e     0x1a84 Drivers/STM32F4xx_HAL_Driver/Src/stm32f4xx_hal_spi.o
 .debug_loc     0x00002f22      0x1ad FATFS/Target/user_diskio.o
 .debug_loc     0x000030cf      0x963 FATFS/Target/user_diskio_spi.o
 .debug_loc     0x00003a32      0x1f1 Middlewares/Third_Party/FatFs/src/diskio.o
 .debug_loc     0x00003c23     0x4600 Middlewares/Third_Party/FatFs/src/ff.o
 .debug_loc     0x00008223      0x24a Middlewares/Third_Party/FatFs/src/ff_gen_drv.o

.debug_aranges  0x00000000      0x940
 .debug_aranges
                0x00000000       0x40 Core/Src/main.o
 .debug_aranges
                0x00000040       0x30 Core/Src/stm32f4xx_hal_msp.o
 .debug_aranges
                0x00000070       0x60 Core/Src/stm32f4xx_it.o
 .debug_aranges
                0x000000d0       0x28 Core/Src/system_stm32f4xx.o
 .debug_aranges
                0x000000f8       0xf0 Drivers/STM32F4xx_HAL_Driver/Src/stm32f4xx_hal.o
 .debug_aranges
                0x000001e8       0xa8 Drivers/STM32F4xx_HAL_Driver/Src/stm32f4xx_hal_cortex.o
 .debug_aranges
                0x00000290       0x58 Drivers/STM32F4xx_HAL_Driver/Src/stm32f4xx_hal_gpio.o
 .debug_aranges
                0x000002e8       0x88 Drivers/STM32F4xx_HAL_Driver/Src/stm32f4xx_hal_rcc.o
 .debug_aranges
                0x00000370       0x48 Drivers/STM32F4xx_HAL_Driver/Src/stm32f4xx_hal_rcc_ex.o
 .debug_aranges
                0x000003b8      0x1d0 Drivers/STM32F4xx_HAL_Driver/Src/stm32f4xx_hal_spi.o
 .debug_aranges
                0x00000588       0x28 FATFS/App/fatfs.o
 .debug_aranges
                0x000005b0       0x40 FATFS/Target/user_diskio.o
 .debug_aranges
                0x000005f0       0x98 FATFS/Target/user_diskio_spi.o
 .debug_aranges
                0x00000688       0x48 Middlewares/Third_Party/FatFs/src/diskio.o
 .debug_aranges
                0x000006d0      0x208 Middlewares/Third_Party/FatFs/src/ff.o
 .debug_aranges
                0x000008d8       0x40 Middlewares/Third_Party/FatFs/src/ff_gen_drv.o
 .debug_aranges
                0x00000918       0x28 startup/startup_stm32f407xx.o

.debug_ranges   0x00000000      0x8b0
 .debug_ranges  0x00000000       0x30 Core/Src/main.o
 .debug_ranges  0x00000030       0x20 Core/Src/stm32f4xx_hal_msp.o
 .debug_ranges  0x00000050       0x50 Core/Src/stm32f4xx_it.o
 .debug_ranges  0x000000a0       0x18 Core/Src/system_stm32f4xx.o
 .debug_ranges  0x000000b8       0xe0 Drivers/STM32F4xx_HAL_Driver/Src/stm32f4xx_hal.o
 .debug_ranges  0x00000198       0xf8 Drivers/STM32F4xx_HAL_Driver/Src/stm32f4xx_hal_cortex.o
 .debug_ranges  0x00000290       0x48 Drivers/STM32F4xx_HAL_Driver/Src/stm32f4xx_hal_gpio.o
 .debug_ranges  0x000002d8       0x90 Drivers/STM32F4xx_HAL_Driver/Src/stm32f4xx_hal_rcc.o
 .debug_ranges  0x00000368       0x38 Drivers/STM32F4xx_HAL_Driver/Src/stm32f4xx_hal_rcc_ex.o
 .debug_ranges  0x000003a0      0x1c0 Drivers/STM32F4xx_HAL_Driver/Src/stm32f4xx_hal_spi.o
 .debug_ranges  0x00000560       0x18 FATFS/App/fatfs.o
 .debug_ranges  0x00000578       0x30 FATFS/Target/user_diskio.o
 .debug_ranges  0x000005a8       0x88 FATFS/Target/user_diskio_spi.o
 .debug_ranges  0x00000630       0x38 Middlewares/Third_Party/FatFs/src/diskio.o
 .debug_ranges  0x00000668      0x1f8 Middlewares/Third_Party/FatFs/src/ff.o
 .debug_ranges  0x00000860       0x30 Middlewares/Third_Party/FatFs/src/ff_gen_drv.o
 .debug_ranges  0x00000890       0x20 startup/startup_stm32f407xx.o

.debug_macro    0x00000000    0x21673
 .debug_macro   0x00000000      0x2db Core/Src/main.o
 .debug_macro   0x000002db      0xa54 Core/Src/main.o
 .debug_macro   0x00000d2f      0x295 Core/Src/main.o
 .debug_macro   0x00000fc4       0x2e Core/Src/main.o
 .debug_macro   0x00000ff2       0x2f Core/Src/main.o
 .debug_macro   0x00001021       0x22 Core/Src/main.o
 .debug_macro   0x00001043       0x8e Core/Src/main.o
 .debug_macro   0x000010d1       0x51 Core/Src/main.o
 .debug_macro   0x00001122       0xef Core/Src/main.o
 .debug_macro   0x00001211       0x6a Core/Src/main.o
 .debug_macro   0x0000127b      0x1df Core/Src/main.o
 .debug_macro   0x0000145a       0x1c Core/Src/main.o
 .debug_macro   0x00001476       0x22 Core/Src/main.o
 .debug_macro   0x00001498       0xdf Core/Src/main.o
 .debug_macro   0x00001577     0x102d Core/Src/main.o
 .debug_macro   0x000025a4      0x11f Core/Src/main.o
 .debug_macro   0x000026c3    0x15e58 Core/Src/main.o
 .debug_macro   0x0001851b       0x6d Core/Src/main.o
 .debug_macro   0x00018588     0x3666 Core/Src/main.o
 .debug_macro   0x0001bbee      0x174 Core/Src/main.o
 .debug_macro   0x0001bd62       0x5c Core/Src/main.o
 .debug_macro   0x0001bdbe      0x96b Core/Src/main.o
 .debug_macro   0x0001c729      0x9fe Core/Src/main.o
 .debug_macro   0x0001d127      0x116 Core/Src/main.o
 .debug_macro   0x0001d23d      0x13e Core/Src/main.o
 .debug_macro   0x0001d37b       0xa5 Core/Src/main.o
 .debug_macro   0x0001d420      0x174 Core/Src/main.o
 .debug_macro   0x0001d594      0x287 Core/Src/main.o
 .debug_macro   0x0001d81b       0x5f Core/Src/main.o
 .debug_macro   0x0001d87a      0x236 Core/Src/main.o
 .debug_macro   0x0001dab0      0x12c Core/Src/main.o
 .debug_macro   0x0001dbdc      0x21e Core/Src/main.o
 .debug_macro   0x0001ddfa       0x2e Core/Src/main.o
 .debug_macro   0x0001de28      0x11a Core/Src/main.o
 .debug_macro   0x0001df42       0x7e Core/Src/main.o
 .debug_macro   0x0001dfc0       0x89 Core/Src/main.o
 .debug_macro   0x0001e049      0x225 Core/Src/main.o
 .debug_macro   0x0001e26e      0x12d Core/Src/main.o
 .debug_macro   0x0001e39b       0x16 Core/Src/main.o
 .debug_macro   0x0001e3b1       0xeb Core/Src/main.o
 .debug_macro   0x0001e49c       0x18 Core/Src/main.o
 .debug_macro   0x0001e4b4       0x5e Core/Src/main.o
 .debug_macro   0x0001e512       0x35 Core/Src/main.o
 .debug_macro   0x0001e547       0x34 Core/Src/main.o
 .debug_macro   0x0001e57b       0x16 Core/Src/main.o
 .debug_macro   0x0001e591       0x35 Core/Src/main.o
 .debug_macro   0x0001e5c6       0x58 Core/Src/main.o
 .debug_macro   0x0001e61e       0x1f Core/Src/main.o
 .debug_macro   0x0001e63d       0x43 Core/Src/main.o
 .debug_macro   0x0001e680       0x20 Core/Src/main.o
 .debug_macro   0x0001e6a0      0x18e Core/Src/main.o
 .debug_macro   0x0001e82e      0x32a Core/Src/main.o
 .debug_macro   0x0001eb58       0x16 Core/Src/main.o
 .debug_macro   0x0001eb6e       0x29 Core/Src/main.o
 .debug_macro   0x0001eb97       0x12 Core/Src/main.o
 .debug_macro   0x0001eba9       0xe2 Core/Src/main.o
 .debug_macro   0x0001ec8b       0x8e Core/Src/main.o
 .debug_macro   0x0001ed19      0x1c9 Core/Src/stm32f4xx_hal_msp.o
 .debug_macro   0x0001eee2      0x1d3 Core/Src/stm32f4xx_it.o
 .debug_macro   0x0001f0b5      0x1ba Core/Src/system_stm32f4xx.o
 .debug_macro   0x0001f26f      0x21a Drivers/STM32F4xx_HAL_Driver/Src/stm32f4xx_hal.o
 .debug_macro   0x0001f489      0x1ba Drivers/STM32F4xx_HAL_Driver/Src/stm32f4xx_hal_cortex.o
 .debug_macro   0x0001f643      0x1c0 Drivers/STM32F4xx_HAL_Driver/Src/stm32f4xx_hal_gpio.o
 .debug_macro   0x0001f803      0x1de Drivers/STM32F4xx_HAL_Driver/Src/stm32f4xx_hal_rcc.o
 .debug_macro   0x0001f9e1      0x1ba Drivers/STM32F4xx_HAL_Driver/Src/stm32f4xx_hal_rcc_ex.o
 .debug_macro   0x0001fb9b      0x1c9 Drivers/STM32F4xx_HAL_Driver/Src/stm32f4xx_hal_spi.o
 .debug_macro   0x0001fd64      0x2e1 FATFS/App/fatfs.o
 .debug_macro   0x00020045       0xe5 FATFS/App/fatfs.o
 .debug_macro   0x0002012a      0x30b FATFS/Target/user_diskio.o
 .debug_macro   0x00020435       0x10 FATFS/Target/user_diskio.o
 .debug_macro   0x00020445       0x16 FATFS/Target/user_diskio.o
 .debug_macro   0x0002045b       0x7c FATFS/Target/user_diskio.o
 .debug_macro   0x000204d7       0xd9 FATFS/Target/user_diskio.o
 .debug_macro   0x000205b0       0x56 FATFS/Target/user_diskio.o
 .debug_macro   0x00020606      0x388 FATFS/Target/user_diskio_spi.o
 .debug_macro   0x0002098e       0x1c FATFS/Target/user_diskio_spi.o
 .debug_macro   0x000209aa      0x2ce Middlewares/Third_Party/FatFs/src/diskio.o
 .debug_macro   0x00020c78      0x6d5 Middlewares/Third_Party/FatFs/src/ff.o
 .debug_macro   0x0002134d       0x58 Middlewares/Third_Party/FatFs/src/ff.o
 .debug_macro   0x000213a5      0x2ce Middlewares/Third_Party/FatFs/src/ff_gen_drv.o

.debug_line     0x00000000     0x9df9
 .debug_line    0x00000000      0x8ec Core/Src/main.o
 .debug_line    0x000008ec      0x6e0 Core/Src/stm32f4xx_hal_msp.o
 .debug_line    0x00000fcc      0x72f Core/Src/stm32f4xx_it.o
 .debug_line    0x000016fb      0x6c0 Core/Src/system_stm32f4xx.o
 .debug_line    0x00001dbb      0x89e Drivers/STM32F4xx_HAL_Driver/Src/stm32f4xx_hal.o
 .debug_line    0x00002659      0x8f0 Drivers/STM32F4xx_HAL_Driver/Src/stm32f4xx_hal_cortex.o
 .debug_line    0x00002f49      0x81c Drivers/STM32F4xx_HAL_Driver/Src/stm32f4xx_hal_gpio.o
 .debug_line    0x00003765      0x92c Drivers/STM32F4xx_HAL_Driver/Src/stm32f4xx_hal_rcc.o
 .debug_line    0x00004091      0x7b6 Drivers/STM32F4xx_HAL_Driver/Src/stm32f4xx_hal_rcc_ex.o
 .debug_line    0x00004847     0x1113 Drivers/STM32F4xx_HAL_Driver/Src/stm32f4xx_hal_spi.o
 .debug_line    0x0000595a      0x80e FATFS/App/fatfs.o
 .debug_line    0x00006168      0x87d FATFS/Target/user_diskio.o
 .debug_line    0x000069e5      0xafe FATFS/Target/user_diskio_spi.o
 .debug_line    0x000074e3      0x80a Middlewares/Third_Party/FatFs/src/diskio.o
 .debug_line    0x00007ced     0x1878 Middlewares/Third_Party/FatFs/src/ff.o
 .debug_line    0x00009565      0x813 Middlewares/Third_Party/FatFs/src/ff_gen_drv.o
 .debug_line    0x00009d78       0x81 startup/startup_stm32f407xx.o

.debug_str      0x00000000    0xc2865
 .debug_str     0x00000000    0xbf872 Core/Src/main.o
                              0xbfc22 (size before relaxing)
 .debug_str     0x000bf872       0x63 Core/Src/stm32f4xx_hal_msp.o
                              0xbc374 (size before relaxing)
 .debug_str     0x000bf8d5       0xc9 Core/Src/stm32f4xx_it.o
                              0xbbe25 (size before relaxing)
 .debug_str     0x000bf99e       0xaf Core/Src/system_stm32f4xx.o
                              0xbbebe (size before relaxing)
 .debug_str     0x000bfa4d      0xa7a Drivers/STM32F4xx_HAL_Driver/Src/stm32f4xx_hal.o
                              0xbc9e5 (size before relaxing)
 .debug_str     0x000c04c7      0x354 Drivers/STM32F4xx_HAL_Driver/Src/stm32f4xx_hal_cortex.o
                              0xbc78f (size before relaxing)
 .debug_str     0x000c081b      0x12f Drivers/STM32F4xx_HAL_Driver/Src/stm32f4xx_hal_gpio.o
                              0xbc065 (size before relaxing)
 .debug_str     0x000c094a      0x233 Drivers/STM32F4xx_HAL_Driver/Src/stm32f4xx_hal_rcc.o
                              0xbc2e7 (size before relaxing)
 .debug_str     0x000c0b7d       0xf9 Drivers/STM32F4xx_HAL_Driver/Src/stm32f4xx_hal_rcc_ex.o
                              0xbc021 (size before relaxing)
 .debug_str     0x000c0c76      0x5a2 Drivers/STM32F4xx_HAL_Driver/Src/stm32f4xx_hal_spi.o
                              0xbc79e (size before relaxing)
 .debug_str     0x000c1218       0x32 FATFS/App/fatfs.o
                              0xbf185 (size before relaxing)
 .debug_str     0x000c124a       0xf7 FATFS/Target/user_diskio.o
                              0xbf113 (size before relaxing)
 .debug_str     0x000c1341      0x3c7 FATFS/Target/user_diskio_spi.o
                              0xbf8d9 (size before relaxing)
 .debug_str     0x000c1708       0x52 Middlewares/Third_Party/FatFs/src/diskio.o
                              0xbf094 (size before relaxing)
 .debug_str     0x000c175a     0x104b Middlewares/Third_Party/FatFs/src/ff.o
                              0xc0301 (size before relaxing)
 .debug_str     0x000c27a5       0x91 Middlewares/Third_Party/FatFs/src/ff_gen_drv.o
                              0xbf0e5 (size before relaxing)
 .debug_str     0x000c2836       0x2f startup/startup_stm32f407xx.o
                                 0x61 (size before relaxing)

.comment        0x00000000       0x7f
 .comment       0x00000000       0x7f Core/Src/main.o
                                 0x80 (size before relaxing)
 .comment       0x0000007f       0x80 Core/Src/stm32f4xx_hal_msp.o
 .comment       0x0000007f       0x80 Core/Src/stm32f4xx_it.o
 .comment       0x0000007f       0x80 Core/Src/system_stm32f4xx.o
 .comment       0x0000007f       0x80 Drivers/STM32F4xx_HAL_Driver/Src/stm32f4xx_hal.o
 .comment       0x0000007f       0x80 Drivers/STM32F4xx_HAL_Driver/Src/stm32f4xx_hal_cortex.o
 .comment       0x0000007f       0x80 Drivers/STM32F4xx_HAL_Driver/Src/stm32f4xx_hal_gpio.o
 .comment       0x0000007f       0x80 Drivers/STM32F4xx_HAL_Driver/Src/stm32f4xx_hal_rcc.o
 .comment       0x0000007f       0x80 Drivers/STM32F4xx_HAL_Driver/Src/stm32f4xx_hal_rcc_ex.o
 .comment       0x0000007f       0x80 Drivers/STM32F4xx_HAL_Driver/Src/stm32f4xx_hal_spi.o
 .comment       0x0000007f       0x80 FATFS/App/fatfs.o
 .comment       0x0000007f       0x80 FATFS/Target/user_diskio.o
 .comment       0x0000007f       0x80 FATFS/Target/user_diskio_spi.o
 .comment       0x0000007f       0x80 Middlewares/Third_Party/FatFs/src/diskio.o
 .comment       0x0000007f       0x80 Middlewares/Third_Party/FatFs/src/ff.o
 .comment       0x0000007f       0x80 Middlewares/Third_Party/FatFs/src/ff_gen_drv.o

.debug_frame    0x00000000     0x1a2c
 .debug_frame   0x00000000       0x98 Core/Src/main.o
 .debug_frame   0x00000098       0x68 Core/Src/stm32f4xx_hal_msp.o
 .debug_frame   0x00000100       0xa8 Core/Src/stm32f4xx_it.o
 .debug_frame   0x000001a8       0x30 Core/Src/system_stm32f4xx.o
 .debug_frame   0x000001d8      0x1ec Drivers/STM32F4xx_HAL_Driver/Src/stm32f4xx_hal.o
 .debug_frame   0x000003c4      0x15c Drivers/STM32F4xx_HAL_Driver/Src/stm32f4xx_hal_cortex.o
 .debug_frame   0x00000520       0xd8 Drivers/STM32F4xx_HAL_Driver/Src/stm32f4xx_hal_gpio.o
 .debug_frame   0x000005f8      0x184 Drivers/STM32F4xx_HAL_Driver/Src/stm32f4xx_hal_rcc.o
 .debug_frame   0x0000077c       0xa4 Drivers/STM32F4xx_HAL_Driver/Src/stm32f4xx_hal_rcc_ex.o
 .debug_frame   0x00000820      0x5a0 Drivers/STM32F4xx_HAL_Driver/Src/stm32f4xx_hal_spi.o
 .debug_frame   0x00000dc0       0x38 FATFS/App/fatfs.o
 .debug_frame   0x00000df8       0x88 FATFS/Target/user_diskio.o
 .debug_frame   0x00000e80      0x208 FATFS/Target/user_diskio_spi.o
 .debug_frame   0x00001088       0xa0 Middlewares/Third_Party/FatFs/src/diskio.o
 .debug_frame   0x00001128      0x7dc Middlewares/Third_Party/FatFs/src/ff.o
 .debug_frame   0x00001904       0x7c Middlewares/Third_Party/FatFs/src/ff_gen_drv.o
 .debug_frame   0x00001980       0x2c c:/ac6/systemworkbench/plugins/fr.ac6.mcu.externaltools.arm-none.win32_1.17.0.201812190825/tools/compiler/bin/../lib/gcc/arm-none-eabi/7.3.1/thumb/v7e-m/fpv4-sp/hard\libgcc.a(_aeabi_uldivmod.o)
 .debug_frame   0x000019ac       0x34 c:/ac6/systemworkbench/plugins/fr.ac6.mcu.externaltools.arm-none.win32_1.17.0.201812190825/tools/compiler/bin/../lib/gcc/arm-none-eabi/7.3.1/thumb/v7e-m/fpv4-sp/hard\libgcc.a(_udivmoddi4.o)
 .debug_frame   0x000019e0       0x2c c:/ac6/systemworkbench/plugins/fr.ac6.mcu.externaltools.arm-none.win32_1.17.0.201812190825/tools/compiler/bin/../lib/gcc/arm-none-eabi/7.3.1/../../../../arm-none-eabi/lib/thumb/v7e-m/fpv4-sp/hard\libc_nano.a(lib_a-init.o)
 .debug_frame   0x00001a0c       0x20 c:/ac6/systemworkbench/plugins/fr.ac6.mcu.externaltools.arm-none.win32_1.17.0.201812190825/tools/compiler/bin/../lib/gcc/arm-none-eabi/7.3.1/../../../../arm-none-eabi/lib/thumb/v7e-m/fpv4-sp/hard\libc_nano.a(lib_a-memset.o)
